Episode: 0 Reward: -113.7290847953409 
Episode: 2 Reward: -81.3700626147911 
Episode: 7 Reward: -77.65271455422044 
Episode: 35 Reward: -23.153325558640063 
Episode: 154 Reward: 15.904167485889047 
Episode: 176 Reward: 21.912443410605192 
Episode: 201 Reward: 23.059407216496766 
Episode: 527 Reward: 36.544450560119 
Episode: 676 Reward: 62.398869899334386 
Episode: 923 Reward: 66.74122333526611 
Episode: 1405 Reward: 67.04523940669606 
Episode: 1452 Reward: 101.14253052452113 
Episode: 1471 Reward: 103.89489168673754 
Episode: 1499 Reward: 113.67643620214949 
Episode: 1516 Reward: 121.56415134528652 
Episode: 1529 Reward: 134.18717111928981 
Episode: 1557 Reward: 144.97751857328694 
Episode: 1707 Reward: 145.57196833990747 
Episode: 1716 Reward: 153.0134423969139 
Episode: 1847 Reward: 157.58618256438058 
Episode: 1900 Reward: 174.9838781686658 
Episode: 2041 Reward: 218.67940932222984 
Episode: 2404 Reward: 249.06577575624914 
Episode: 2444 Reward: 267.20451731146966 
Episode: 2485 Reward: 290.2539380995304 
Episode: 2669 Reward: 309.30192162067783 
